Java HotSpot(TM) 64-Bit Server VM (25.131-b11) for bsd-amd64 JRE (1.8.0_131-b11), built on Mar 15 2017 01:32:22 by "java_re" with gcc 4.2.1 (Based on Apple Inc. build 5658) (LLVM build 2336.11.00)
Memory: 4k page, physical 8388608k(601568k free)

/proc/meminfo:

CommandLine flags: -XX:+DisableExplicitGC -XX:InitialHeapSize=1073741824 -XX:InitiatingHeapOccupancyPercent=35 -XX:+ManagementServer -XX:MaxGCPauseMillis=20 -XX:MaxHeapSize=1073741824 -XX:+PrintGC -XX:+PrintGCDateStamps -XX:+PrintGCDetails -XX:+PrintGCTimeStamps -XX:+UseCompressedClassPointers -XX:+UseCompressedOops -XX:+UseG1GC 
2017-05-12T23:10:42.749+0800: 10.979: [GC pause (G1 Evacuation Pause) (young), 0.0062662 secs]
   [Parallel Time: 2.6 ms, GC Workers: 8]
      [GC Worker Start (ms): Min: 10979.1, Avg: 10979.2, Max: 10979.2, Diff: 0.1]
      [Ext Root Scanning (ms): Min: 0.2, Avg: 0.5, Max: 1.8, Diff: 1.6, Sum: 3.6]
      [Update RS (ms): Min: 0.0, Avg: 0.0, Max: 0.0, Diff: 0.0, Sum: 0.0]
         [Processed Buffers: Min: 0, Avg: 0.0, Max: 0, Diff: 0, Sum: 0]
      [Scan RS (ms): Min: 0.0, Avg: 0.0, Max: 0.0, Diff: 0.0, Sum: 0.0]
      [Code Root Scanning (ms): Min: 0.0, Avg: 0.1, Max: 0.4, Diff: 0.4, Sum: 0.8]
      [Object Copy (ms): Min: 0.7, Avg: 1.9, Max: 2.2, Diff: 1.6, Sum: 15.1]
      [Termination (ms): Min: 0.0, Avg: 0.0, Max: 0.0, Diff: 0.0, Sum: 0.0]
         [Termination Attempts: Min: 1, Avg: 13.8, Max: 20, Diff: 19, Sum: 110]
      [GC Worker Other (ms): Min: 0.0, Avg: 0.0, Max: 0.1, Diff: 0.0, Sum: 0.2]
      [GC Worker Total (ms): Min: 2.4, Avg: 2.5, Max: 2.5, Diff: 0.1, Sum: 19.8]
      [GC Worker End (ms): Min: 10981.6, Avg: 10981.6, Max: 10981.7, Diff: 0.0]
   [Code Root Fixup: 0.1 ms]
   [Code Root Purge: 0.0 ms]
   [Clear CT: 0.2 ms]
   [Other: 3.3 ms]
      [Choose CSet: 0.0 ms]
      [Ref Proc: 2.9 ms]
      [Ref Enq: 0.0 ms]
      [Redirty Cards: 0.1 ms]
      [Humongous Register: 0.0 ms]
      [Humongous Reclaim: 0.0 ms]
      [Free CSet: 0.1 ms]
   [Eden: 51.0M(51.0M)->0.0B(44.0M) Survivors: 0.0B->7168.0K Heap: 51.0M(1024.0M)->7773.0K(1024.0M)]
 [Times: user=0.02 sys=0.01, real=0.01 secs] 
2017-05-12T23:10:48.094+0800: 16.324: [GC pause (G1 Evacuation Pause) (young), 0.0053437 secs]
   [Parallel Time: 2.9 ms, GC Workers: 8]
      [GC Worker Start (ms): Min: 16324.5, Avg: 16324.5, Max: 16324.6, Diff: 0.1]
      [Ext Root Scanning (ms): Min: 0.4, Avg: 0.5, Max: 1.4, Diff: 1.1, Sum: 4.2]
      [Update RS (ms): Min: 0.0, Avg: 0.0, Max: 0.1, Diff: 0.1, Sum: 0.1]
         [Processed Buffers: Min: 0, Avg: 0.1, Max: 1, Diff: 1, Sum: 1]
      [Scan RS (ms): Min: 0.0, Avg: 0.0, Max: 0.0, Diff: 0.0, Sum: 0.0]
      [Code Root Scanning (ms): Min: 0.0, Avg: 0.1, Max: 0.9, Diff: 0.9, Sum: 1.1]
      [Object Copy (ms): Min: 1.3, Avg: 2.0, Max: 2.3, Diff: 1.0, Sum: 16.3]
      [Termination (ms): Min: 0.0, Avg: 0.0, Max: 0.0, Diff: 0.0, Sum: 0.1]
         [Termination Attempts: Min: 1, Avg: 27.2, Max: 42, Diff: 41, Sum: 218]
      [GC Worker Other (ms): Min: 0.0, Avg: 0.0, Max: 0.0, Diff: 0.0, Sum: 0.1]
      [GC Worker Total (ms): Min: 2.7, Avg: 2.7, Max: 2.8, Diff: 0.1, Sum: 21.9]
      [GC Worker End (ms): Min: 16327.3, Avg: 16327.3, Max: 16327.3, Diff: 0.0]
   [Code Root Fixup: 0.2 ms]
   [Code Root Purge: 0.0 ms]
   [Clear CT: 0.2 ms]
   [Other: 2.1 ms]
      [Choose CSet: 0.0 ms]
      [Ref Proc: 1.7 ms]
      [Ref Enq: 0.0 ms]
      [Redirty Cards: 0.1 ms]
      [Humongous Register: 0.0 ms]
      [Humongous Reclaim: 0.0 ms]
      [Free CSet: 0.1 ms]
   [Eden: 44.0M(44.0M)->0.0B(44.0M) Survivors: 7168.0K->7168.0K Heap: 179.6M(1024.0M)->137.5M(1024.0M)]
 [Times: user=0.03 sys=0.01, real=0.00 secs] 
2017-05-12T23:11:46.547+0800: 74.780: [GC pause (Metadata GC Threshold) (young) (initial-mark), 0.0046835 secs]
   [Parallel Time: 3.2 ms, GC Workers: 8]
      [GC Worker Start (ms): Min: 74780.1, Avg: 74780.1, Max: 74780.2, Diff: 0.1]
      [Ext Root Scanning (ms): Min: 0.8, Avg: 0.9, Max: 1.0, Diff: 0.3, Sum: 6.9]
      [Update RS (ms): Min: 0.0, Avg: 0.1, Max: 0.2, Diff: 0.2, Sum: 0.6]
         [Processed Buffers: Min: 0, Avg: 0.5, Max: 1, Diff: 1, Sum: 4]
      [Scan RS (ms): Min: 0.0, Avg: 0.0, Max: 0.0, Diff: 0.0, Sum: 0.0]
      [Code Root Scanning (ms): Min: 0.0, Avg: 0.2, Max: 0.7, Diff: 0.7, Sum: 2.0]
      [Object Copy (ms): Min: 1.5, Avg: 1.8, Max: 2.0, Diff: 0.5, Sum: 14.3]
      [Termination (ms): Min: 0.0, Avg: 0.0, Max: 0.0, Diff: 0.0, Sum: 0.0]
         [Termination Attempts: Min: 1, Avg: 1.2, Max: 2, Diff: 1, Sum: 10]
      [GC Worker Other (ms): Min: 0.0, Avg: 0.0, Max: 0.0, Diff: 0.0, Sum: 0.1]
      [GC Worker Total (ms): Min: 2.9, Avg: 3.0, Max: 3.0, Diff: 0.1, Sum: 23.9]
      [GC Worker End (ms): Min: 74783.1, Avg: 74783.1, Max: 74783.2, Diff: 0.0]
   [Code Root Fixup: 0.3 ms]
   [Code Root Purge: 0.0 ms]
   [Clear CT: 0.1 ms]
   [Other: 1.1 ms]
      [Choose CSet: 0.0 ms]
      [Ref Proc: 0.5 ms]
      [Ref Enq: 0.0 ms]
      [Redirty Cards: 0.2 ms]
      [Humongous Register: 0.0 ms]
      [Humongous Reclaim: 0.0 ms]
      [Free CSet: 0.1 ms]
   [Eden: 18.0M(44.0M)->0.0B(45.0M) Survivors: 7168.0K->6144.0K Heap: 154.7M(1024.0M)->139.3M(1024.0M)]
 [Times: user=0.02 sys=0.00, real=0.01 secs] 
2017-05-12T23:11:46.552+0800: 74.785: [GC concurrent-root-region-scan-start]
2017-05-12T23:11:46.554+0800: 74.786: [GC concurrent-root-region-scan-end, 0.0015204 secs]
2017-05-12T23:11:46.554+0800: 74.786: [GC concurrent-mark-start]
2017-05-12T23:11:46.556+0800: 74.788: [GC concurrent-mark-end, 0.0019884 secs]
2017-05-12T23:11:46.556+0800: 74.788: [GC remark 2017-05-12T23:11:46.556+0800: 74.788: [Finalize Marking, 0.0001491 secs] 2017-05-12T23:11:46.556+0800: 74.788: [GC ref-proc, 0.0000574 secs] 2017-05-12T23:11:46.556+0800: 74.789: [Unloading, 0.0016645 secs], 0.0029000 secs]
 [Times: user=0.01 sys=0.00, real=0.00 secs] 
2017-05-12T23:11:46.559+0800: 74.791: [GC cleanup 140M->138M(1024M), 0.0006801 secs]
 [Times: user=0.01 sys=0.00, real=0.00 secs] 
2017-05-12T23:11:46.559+0800: 74.792: [GC concurrent-cleanup-start]
2017-05-12T23:11:46.559+0800: 74.792: [GC concurrent-cleanup-end, 0.0000072 secs]
Heap
 garbage-first heap   total 1048576K, used 140594K [0x0000000780000000, 0x0000000780102000, 0x00000007c0000000)
  region size 1024K, 7 young (7168K), 6 survivors (6144K)
 Metaspace       used 20978K, capacity 21160K, committed 21552K, reserved 1067008K
  class space    used 3039K, capacity 3106K, committed 3200K, reserved 1048576K
